4PAINTSQ 3 3 1PAINTSQ 0 4 0PAINTSQ 5 2 0ERASECELL3 3